main.c:113:5:main	8	static
main.c:216:6:SystemClock_Config	88	static
main.c:257:13:MX_SPI1_Init	8	static
main.c:293:13:MX_USART2_UART_Init	8	static
main.c:324:13:MX_DMA_Init	16	static
main.c:348:13:MX_GPIO_Init	48	static
main.c:386:6:InitMPU6500	16	static,ignoring_inline_asm
main.c:420:6:WriteRegisterMPU6500	24	static
main.c:430:9:ReadRegisterMPU6500	24	static
main.c:444:6:ProcessDataMPU6500	8	static
main.c:474:6:Calibrating	4	static
main.c:521:6:TrmDataToUART	32	static
main.c:577:15:CalcCheckSumm	24	static
main.c:598:6:StartDefaultTask	16	static
main.c:615:6:MPU6500TaskEntry	24	static
main.c:648:6:UART2ReceivedCmdEntry	24	static,ignoring_inline_asm
main.c:691:6:HAL_TIM_PeriodElapsedCallback	24	static
main.c:721:6:Error_Handler	4	static
